// Jest Snapshot v1, https://goo.gl/fbAQLP

exports[`FormContainer Renders to DOM 1`] = `
<FormContainer
  biomFile={Array []}
  collection={Array []}
  customModel={Array []}
  dispatch={[Function]}
  existingProjectFile={Array []}
  genomeSample={Array []}
  inputType=""
  radioInputClassChecked={false}
  readModel="default"
  selectedGenome={Array []}
  seqPlatform="illumina"
  store={
    Object {
      "dispatch": [Function],
      "getState": [Function],
      "replaceReducer": [Function],
      "subscribe": [Function],
      Symbol(observable): [Function],
    }
  }
  storeSubscription={
    Subscription {
      "listeners": Object {
        "clear": [Function],
        "get": [Function],
        "notify": [Function],
        "subscribe": [Function],
      },
      "onStateChange": [Function],
      "parentSub": undefined,
      "store": Object {
        "dispatch": [Function],
        "getState": [Function],
        "replaceReducer": [Function],
        "subscribe": [Function],
        Symbol(observable): [Function],
      },
      "unsubscribe": [Function],
    }
  }
  taxIdSearch={Array []}
/>
`;
